// Vitest Snapshot v1

exports[`erc > contracts 1`] = `
[
  {
    "abi": [
      {
        "inputs": [
          {
            "indexed": true,
            "name": "owner",
            "type": "address",
          },
          {
            "indexed": true,
            "name": "spender",
            "type": "address",
          },
          {
            "indexed": false,
            "name": "value",
            "type": "uint256",
          },
        ],
        "name": "Approval",
        "type": "event",
      },
      {
        "inputs": [
          {
            "indexed": true,
            "name": "from",
            "type": "address",
          },
          {
            "indexed": true,
            "name": "to",
            "type": "address",
          },
          {
            "indexed": false,
            "name": "value",
            "type": "uint256",
          },
        ],
        "name": "Transfer",
        "type": "event",
      },
      {
        "inputs": [
          {
            "name": "owner",
            "type": "address",
          },
          {
            "name": "spender",
            "type": "address",
          },
        ],
        "name": "allowance",
        "outputs": [
          {
            "name": "",
            "type": "uint256",
          },
        ],
        "stateMutability": "view",
        "type": "function",
      },
      {
        "inputs": [
          {
            "name": "spender",
            "type": "address",
          },
          {
            "name": "amount",
            "type": "uint256",
          },
        ],
        "name": "approve",
        "outputs": [
          {
            "name": "",
            "type": "bool",
          },
        ],
        "stateMutability": "nonpayable",
        "type": "function",
      },
      {
        "inputs": [
          {
            "name": "account",
            "type": "address",
          },
        ],
        "name": "balanceOf",
        "outputs": [
          {
            "name": "",
            "type": "uint256",
          },
        ],
        "stateMutability": "view",
        "type": "function",
      },
      {
        "inputs": [],
        "name": "decimals",
        "outputs": [
          {
            "name": "",
            "type": "uint8",
          },
        ],
        "stateMutability": "view",
        "type": "function",
      },
      {
        "inputs": [],
        "name": "name",
        "outputs": [
          {
            "name": "",
            "type": "string",
          },
        ],
        "stateMutability": "view",
        "type": "function",
      },
      {
        "inputs": [],
        "name": "symbol",
        "outputs": [
          {
            "name": "",
            "type": "string",
          },
        ],
        "stateMutability": "view",
        "type": "function",
      },
      {
        "inputs": [],
        "name": "totalSupply",
        "outputs": [
          {
            "name": "",
            "type": "uint256",
          },
        ],
        "stateMutability": "view",
        "type": "function",
      },
      {
        "inputs": [
          {
            "name": "recipient",
            "type": "address",
          },
          {
            "name": "amount",
            "type": "uint256",
          },
        ],
        "name": "transfer",
        "outputs": [
          {
            "name": "",
            "type": "bool",
          },
        ],
        "stateMutability": "nonpayable",
        "type": "function",
      },
      {
        "inputs": [
          {
            "name": "sender",
            "type": "address",
          },
          {
            "name": "recipient",
            "type": "address",
          },
          {
            "name": "amount",
            "type": "uint256",
          },
        ],
        "name": "transferFrom",
        "outputs": [
          {
            "name": "",
            "type": "bool",
          },
        ],
        "stateMutability": "nonpayable",
        "type": "function",
      },
    ],
    "name": "ERC20",
  },
  {
    "abi": [
      {
        "inputs": [
          {
            "indexed": true,
            "name": "owner",
            "type": "address",
          },
          {
            "indexed": true,
            "name": "spender",
            "type": "address",
          },
          {
            "indexed": true,
            "name": "tokenId",
            "type": "uint256",
          },
        ],
        "name": "Approval",
        "type": "event",
      },
      {
        "inputs": [
          {
            "indexed": true,
            "name": "owner",
            "type": "address",
          },
          {
            "indexed": true,
            "name": "operator",
            "type": "address",
          },
          {
            "indexed": false,
            "name": "approved",
            "type": "bool",
          },
        ],
        "name": "ApprovalForAll",
        "type": "event",
      },
      {
        "inputs": [
          {
            "indexed": true,
            "name": "from",
            "type": "address",
          },
          {
            "indexed": true,
            "name": "to",
            "type": "address",
          },
          {
            "indexed": true,
            "name": "tokenId",
            "type": "uint256",
          },
        ],
        "name": "Transfer",
        "type": "event",
      },
      {
        "inputs": [
          {
            "name": "spender",
            "type": "address",
          },
          {
            "name": "tokenId",
            "type": "uint256",
          },
        ],
        "name": "approve",
        "outputs": [],
        "stateMutability": "payable",
        "type": "function",
      },
      {
        "inputs": [
          {
            "name": "account",
            "type": "address",
          },
        ],
        "name": "balanceOf",
        "outputs": [
          {
            "name": "",
            "type": "uint256",
          },
        ],
        "stateMutability": "view",
        "type": "function",
      },
      {
        "inputs": [
          {
            "name": "tokenId",
            "type": "uint256",
          },
        ],
        "name": "getApproved",
        "outputs": [
          {
            "name": "",
            "type": "address",
          },
        ],
        "stateMutability": "view",
        "type": "function",
      },
      {
        "inputs": [
          {
            "name": "owner",
            "type": "address",
          },
          {
            "name": "operator",
            "type": "address",
          },
        ],
        "name": "isApprovedForAll",
        "outputs": [
          {
            "name": "",
            "type": "bool",
          },
        ],
        "stateMutability": "view",
        "type": "function",
      },
      {
        "inputs": [],
        "name": "name",
        "outputs": [
          {
            "name": "",
            "type": "string",
          },
        ],
        "stateMutability": "view",
        "type": "function",
      },
      {
        "inputs": [
          {
            "name": "tokenId",
            "type": "uint256",
          },
        ],
        "name": "ownerOf",
        "outputs": [
          {
            "name": "owner",
            "type": "address",
          },
        ],
        "stateMutability": "view",
        "type": "function",
      },
      {
        "inputs": [
          {
            "name": "from",
            "type": "address",
          },
          {
            "name": "to",
            "type": "address",
          },
          {
            "name": "tokenId",
            "type": "uint256",
          },
        ],
        "name": "safeTransferFrom",
        "outputs": [],
        "stateMutability": "payable",
        "type": "function",
      },
      {
        "inputs": [
          {
            "name": "from",
            "type": "address",
          },
          {
            "name": "to",
            "type": "address",
          },
          {
            "name": "id",
            "type": "uint256",
          },
          {
            "name": "data",
            "type": "bytes",
          },
        ],
        "name": "safeTransferFrom",
        "outputs": [],
        "stateMutability": "nonpayable",
        "type": "function",
      },
      {
        "inputs": [
          {
            "name": "operator",
            "type": "address",
          },
          {
            "name": "approved",
            "type": "bool",
          },
        ],
        "name": "setApprovalForAll",
        "outputs": [],
        "stateMutability": "nonpayable",
        "type": "function",
      },
      {
        "inputs": [],
        "name": "symbol",
        "outputs": [
          {
            "name": "",
            "type": "string",
          },
        ],
        "stateMutability": "view",
        "type": "function",
      },
      {
        "inputs": [
          {
            "name": "index",
            "type": "uint256",
          },
        ],
        "name": "tokenByIndex",
        "outputs": [
          {
            "name": "",
            "type": "uint256",
          },
        ],
        "stateMutability": "view",
        "type": "function",
      },
      {
        "inputs": [
          {
            "name": "owner",
            "type": "address",
          },
          {
            "name": "index",
            "type": "uint256",
          },
        ],
        "name": "tokenByIndex",
        "outputs": [
          {
            "name": "tokenId",
            "type": "uint256",
          },
        ],
        "stateMutability": "view",
        "type": "function",
      },
      {
        "inputs": [
          {
            "name": "tokenId",
            "type": "uint256",
          },
        ],
        "name": "tokenURI",
        "outputs": [
          {
            "name": "",
            "type": "string",
          },
        ],
        "stateMutability": "view",
        "type": "function",
      },
      {
        "inputs": [],
        "name": "totalSupply",
        "outputs": [
          {
            "name": "",
            "type": "uint256",
          },
        ],
        "stateMutability": "view",
        "type": "function",
      },
      {
        "inputs": [
          {
            "name": "sender",
            "type": "address",
          },
          {
            "name": "recipient",
            "type": "address",
          },
          {
            "name": "tokeId",
            "type": "uint256",
          },
        ],
        "name": "transferFrom",
        "outputs": [],
        "stateMutability": "payable",
        "type": "function",
      },
    ],
    "name": "ERC721",
  },
]
`;

exports[`erc > creates 1`] = `
{
  "contracts": [Function],
  "name": "ERC",
}
`;
